Warning messages:
1: package ‘DBI’ was built under R version 4.5.2 
2: package ‘xml2’ was built under R version 4.5.2 
3: package ‘readr’ was built under R version 4.5.2 
Environment matches renv.lock: R 4.5.1, 19 direct package(s) of 61 pinned.
Copying the published database to a build candidate...
Candidate ready in 1.4 seconds (399.5 MiB). The published database is not open for writing.
duckdb keeps downloaded extensions and secrets in a temporary directory:
ℹ /var/folders/1m/87jrxgqx6_74zdls2ycy221c0000gn/T//Rtmps7oCYn/duckdb
This is removed when the R session ends.
• Extensions are re-downloaded each session.
• Secrets are lost.
ℹ Run duckdb(shared_home = TRUE) (or create ~/.duckdb) to keep them (suitable for most users).
ℹ Run duckdb(shared_home = FALSE) to accept the temporary directory (and silence this message).
ℹ See ?duckdb_storage for details and alternatives.
Unchanged source; reused existing vintage: bank_reference
Unchanged source; reused existing vintage: banks
Unchanged source; reused existing vintage: financial
Unchanged source; reused existing vintage: exchange_houses
Unchanged source; reused existing vintage: economic_annex
Unchanged source; reused existing vintage: payments
Unchanged source; reused existing vintage: eve
Unchanged source; reused existing vintage: icc
Unchanged source; reused existing vintage: credit_survey
Unchanged source; reused existing vintage: fx_operations
Unchanged source; reused existing vintage: liquidity_facility
Unchanged source; reused existing vintage: direct_investment
Unchanged source; reused existing vintage: insurance_annex
Unchanged source; reused existing vintage: bcp_fx_daily
Unchanged source; reused existing vintage: exchange_rates
Unchanged source; reused existing vintage: corporate_bond_curves
Unchanged source; reused existing vintage: banking_indicators
Unchanged source; reused existing vintage: financial_indicators
Unchanged source; reused existing vintage: interbank_market
Unchanged source; reused existing vintage: securities_trades
Unchanged source; reused existing vintage: lrm_auctions
Unchanged source; reused existing vintage: compensatory_fx_sales
duckdb keeps downloaded extensions and secrets in a temporary directory:
ℹ /var/folders/1m/87jrxgqx6_74zdls2ycy221c0000gn/T//Rtmps7oCYn/duckdb
This is removed when the R session ends.
• Extensions are re-downloaded each session.
• Secrets are lost.
ℹ Run duckdb(shared_home = TRUE) (or create ~/.duckdb) to keep them (suitable for most users).
ℹ Run duckdb(shared_home = FALSE) to accept the temporary directory (and silence this message).
ℹ See ?duckdb_storage for details and alternatives.
duckdb keeps downloaded extensions and secrets in a temporary directory:
ℹ /var/folders/1m/87jrxgqx6_74zdls2ycy221c0000gn/T//Rtmps7oCYn/duckdb
This is removed when the R session ends.
• Extensions are re-downloaded each session.
• Secrets are lost.
ℹ Run duckdb(shared_home = TRUE) (or create ~/.duckdb) to keep them (suitable for most users).
ℹ Run duckdb(shared_home = FALSE) to accept the temporary directory (and silence this message).
ℹ See ?duckdb_storage for details and alternatives.
Accepted candidate retained for independent review; production was not replaced.
  Candidate: /Users/juanmanuelgonzalezmasulli/Documents/Paraguay_Macro_Database/database/candidates/accepted_for_review_20260914_195427.duckdb
  SHA-256: ef28b3e048c73a596731763fe2609247e096a02def1b2b5f4872f36c100aaae4
list(release_id = "release:dcbccb827b93ee2362ab3c56", status = "completed_with_warnings", 
    database = "/Users/juanmanuelgonzalezmasulli/Documents/Paraguay_Macro_Database/database/candidates/candidate_20260914_195427.duckdb", 
    build_id = "build:128e6bda14e9bd07c638a661", data_release_id = "build:128e6bda14e9bd07c638a661", 
    decision = "accepted", error_count = 0L, warning_count = 41L, 
    attempt_id = "attempt:049eb8a54ce38961b51be4e9", schema_version = 43L, 
    published = FALSE, candidate = "/Users/juanmanuelgonzalezmasulli/Documents/Paraguay_Macro_Database/database/candidates/accepted_for_review_20260914_195427.duckdb", 
    publication = "/Users/juanmanuelgonzalezmasulli/Documents/Paraguay_Macro_Database/database/paraguay_macro_pilot.duckdb", 
    swapped_from = NA_character_, sha256 = "ef28b3e048c73a596731763fe2609247e096a02def1b2b5f4872f36c100aaae4")
