Warning messages:
1: package ‘DBI’ was built under R version 4.5.2 
2: package ‘xml2’ was built under R version 4.5.2 
3: package ‘readr’ was built under R version 4.5.2 
Environment matches renv.lock: R 4.5.1, 19 direct package(s) of 61 pinned.
Copying the published database to a build candidate...
Candidate ready in 1.4 seconds (399.5 MiB). The published database is not open for writing.
duckdb keeps downloaded extensions and secrets in a temporary directory:
ℹ /var/folders/1m/87jrxgqx6_74zdls2ycy221c0000gn/T//RtmpYHVS1T/duckdb
This is removed when the R session ends.
• Extensions are re-downloaded each session.
• Secrets are lost.
ℹ Run duckdb(shared_home = TRUE) (or create ~/.duckdb) to keep them (suitable for most users).
ℹ Run duckdb(shared_home = FALSE) to accept the temporary directory (and silence this message).
ℹ See ?duckdb_storage for details and alternatives.
Unchanged source; reused existing vintage: bank_reference
Unchanged source; reused existing vintage: banks
Unchanged source; reused existing vintage: financial
Unchanged source; reused existing vintage: exchange_houses
Unchanged source; reused existing vintage: economic_annex
Unchanged source; reused existing vintage: payments
Unchanged source; reused existing vintage: eve
Unchanged source; reused existing vintage: icc
Unchanged source; reused existing vintage: credit_survey
Unchanged source; reused existing vintage: fx_operations
Unchanged source; reused existing vintage: liquidity_facility
Unchanged source; reused existing vintage: direct_investment
Unchanged source; reused existing vintage: insurance_annex
Unchanged source; reused existing vintage: bcp_fx_daily
Unchanged source; reused existing vintage: exchange_rates
Unchanged source; reused existing vintage: corporate_bond_curves
Unchanged source; reused existing vintage: banking_indicators
Unchanged source; reused existing vintage: financial_indicators
Unchanged source; reused existing vintage: interbank_market
Unchanged source; reused existing vintage: securities_trades
Unchanged source; reused existing vintage: lrm_auctions
Unchanged source; reused existing vintage: compensatory_fx_sales
duckdb keeps downloaded extensions and secrets in a temporary directory:
ℹ /var/folders/1m/87jrxgqx6_74zdls2ycy221c0000gn/T//RtmpYHVS1T/duckdb
This is removed when the R session ends.
• Extensions are re-downloaded each session.
• Secrets are lost.
ℹ Run duckdb(shared_home = TRUE) (or create ~/.duckdb) to keep them (suitable for most users).
ℹ Run duckdb(shared_home = FALSE) to accept the temporary directory (and silence this message).
ℹ See ?duckdb_storage for details and alternatives.
duckdb keeps downloaded extensions and secrets in a temporary directory:
ℹ /var/folders/1m/87jrxgqx6_74zdls2ycy221c0000gn/T//RtmpYHVS1T/duckdb
This is removed when the R session ends.
• Extensions are re-downloaded each session.
• Secrets are lost.
ℹ Run duckdb(shared_home = TRUE) (or create ~/.duckdb) to keep them (suitable for most users).
ℹ Run duckdb(shared_home = FALSE) to accept the temporary directory (and silence this message).
ℹ See ?duckdb_storage for details and alternatives.
Accepted candidate retained for independent review; production was not replaced.
  Candidate: /Users/juanmanuelgonzalezmasulli/Documents/Paraguay_Macro_Database/database/candidates/accepted_for_review_20260914_202049.duckdb
  SHA-256: 6079c80ce0edd26f899b9f54fe98f73eee08c90c5f006759b051960edbd7a9fa
list(release_id = "release:dcbccb827b93ee2362ab3c56", status = "completed_with_warnings", 
    database = "/Users/juanmanuelgonzalezmasulli/Documents/Paraguay_Macro_Database/database/candidates/candidate_20260914_202049.duckdb", 
    build_id = "build:a3e94ab54dacd47000223d28", data_release_id = "build:a3e94ab54dacd47000223d28", 
    decision = "accepted", error_count = 0L, warning_count = 41L, 
    attempt_id = "attempt:2305af6de17f489900d0afb8", schema_version = 43L, 
    published = FALSE, candidate = "/Users/juanmanuelgonzalezmasulli/Documents/Paraguay_Macro_Database/database/candidates/accepted_for_review_20260914_202049.duckdb", 
    publication = "/Users/juanmanuelgonzalezmasulli/Documents/Paraguay_Macro_Database/database/paraguay_macro_pilot.duckdb", 
    swapped_from = NA_character_, sha256 = "6079c80ce0edd26f899b9f54fe98f73eee08c90c5f006759b051960edbd7a9fa")
