Warning messages:
1: package ‘DBI’ was built under R version 4.5.2 
2: package ‘xml2’ was built under R version 4.5.2 
3: package ‘readr’ was built under R version 4.5.2 
Environment matches renv.lock: R 4.5.1, 19 direct package(s) of 61 pinned.

Attaching package: ‘testthat’

The following objects are masked from ‘package:readr’:

    edition_get, local_edition

asof-history: ..............................
asof-vintages: ........................
bootstrap-and-year-axis: ..................
build-isolation: .................................
build-reproducibility: ......................
catalogues-and-workbook: ...................................
cda-curve-parser: ...................................
coverage-dashboard: ...........
documented-source-helpers: .....................................
environment-reproducibility: ..............................
expanded-parsers: .............
exploratory-layer: ................................................................................
full-pipeline-smoke: ....................................................................................
governance-and-migrations: ........................................................................................................................................................................
grain-and-provenance: ....................................................................
identity-and-archive: .................................
ingestion-failure-isolation: .............................W...
large-sheet-range-guard: ............
performance-equivalence: .................
project-loader: .............
provenance-and-missingness: ............................................................................................................................................
public-interface: ....................
publication-safety: ..................................
release-input-scope: .........................................
release-isolation: ...................................
research-extraction: ...................................................................
research-platform: ...................................................
review-gate: .....................
row-accounting: ......................................
runtime-and-migration-regressions: .................................
semantic-and-ingestion-contracts: ...........................................................................
series-review: .........................................................
source-identity-regressions: .............................................
sql-alias-hygiene: ..
structure-guards: ...........................
tcn-daily-calendar-parser: .......................
temporal-contract: ..........................................
trade-retention: .............................
unit-corrections: .........................

══ Warnings ════════════════════════════════════════════════════════════════════
1. a discovery failure is persisted without losing the next source ('test-ingestion-failure-isolation.R:188:3') - error 1 in extracting from zip file

══ DONE ════════════════════════════════════════════════════════════════════════
Warning messages:
1: In doTryCatch(return(expr), name, parentenv, handler) :
  restarting interrupted promise evaluation
2: package ‘testthat’ was built under R version 4.5.2 
3: In doTryCatch(return(expr), name, parentenv, handler) :
  restarting interrupted promise evaluation
